// Jest Snapshot v1, https://goo.gl/fbAQLP

exports[`App Render generate App snapshot 1`] = `
<section
  class="ant-layout"
>
  <div
    class="waterMarkWrap"
  >
    <div
      class="wmGrid"
    >
      hel-react-app
    </div>
    <div
      class="wmGrid"
    >
      hel-react-app
    </div>
    <div
      class="wmGrid"
    >
      hel-react-app
    </div>
    <div
      class="wmGrid"
    >
      hel-react-app
    </div>
    <div
      class="wmGrid"
    >
      hel-react-app
    </div>
    <div
      class="wmGrid"
    >
      hel-react-app
    </div>
  </div>
  <header
    class="ant-layout-header header"
    style="margin-left:48px;background-color:white;color:var(--theme-color);z-index:4;display:none"
  >
    <div
      class="headerRightAreaWrap"
      style="color:var(--theme-color)"
    >
      <span
        class="ant-avatar ant-avatar-circle userIconWarp"
        style="width:32px;height:32px;line-height:32px;font-size:18px"
      >
        <img
          src=""
        />
      </span>
      <div
        style="display:inline-block;width:8px;height:16px"
      />
      <div
        style="display:inline-block;width:8px;height:16px"
      />
      <div
        style="display:inline-block;width:8px;height:16px"
      />
      <div
        style="display:inline-block;width:8px;height:16px"
      />
    </div>
  </header>
  <div
    class="quickNavBarWrapBase quickNavBarLightWrap smallScBar"
    style="box-sizing:border-box;padding-left:48px;z-index:5;position:fixed;left:0;right:0;top:0"
  >
    <div
      class="ant-tabs ant-tabs-top ant-tabs-editable ant-tabs-card ant-tabs-editable-card"
      style="padding-left:3px;display:inline-block"
    >
      <div
        class="ant-tabs-nav"
        role="tablist"
      >
        <div
          class="ant-tabs-nav-wrap"
        >
          <div
            class="ant-tabs-nav-list"
            style="transform:translate(0px, 0px)"
          >
            <div
              class="ant-tabs-ink-bar ant-tabs-ink-bar-animated"
            />
          </div>
        </div>
        <div
          class="ant-tabs-nav-operations ant-tabs-nav-operations-hidden"
        >
          <button
            aria-controls="null-more-popup"
            aria-expanded="false"
            aria-haspopup="listbox"
            aria-hidden="true"
            class="ant-tabs-nav-more"
            id="null-more"
            style="visibility:hidden;order:1"
            tabindex="-1"
            type="button"
          >
            <span
              aria-label="ellipsis"
              class="anticon anticon-ellipsis"
              role="img"
            >
              <svg
                aria-hidden="true"
                data-icon="ellipsis"
                fill="currentColor"
                focusable="false"
                height="1em"
                viewBox="64 64 896 896"
                width="1em"
              >
                <path
                  d="M176 511a56 56 0 10112 0 56 56 0 10-112 0zm280 0a56 56 0 10112 0 56 56 0 10-112 0zm280 0a56 56 0 10112 0 56 56 0 10-112 0z"
                />
              </svg>
            </span>
          </button>
        </div>
      </div>
      <div
        class="ant-tabs-content-holder"
      >
        <div
          class="ant-tabs-content ant-tabs-content-top"
        />
      </div>
    </div>
    <div
      class="headerSettingWrapInBar"
    >
      <button
        aria-checked="false"
        class="ant-switch"
        role="switch"
        style="vertical-align:text-bottom"
        type="button"
      >
        <div
          class="ant-switch-handle"
        />
        <span
          class="ant-switch-inner"
        >
          浅
        </span>
      </button>
      <div
        style="display:inline-block;width:5px;height:16px"
      />
       
      <span
        aria-label="skin"
        class="anticon anticon-skin  gHover"
        role="img"
        style="color:var(--theme-color)"
        tabindex="-1"
      >
        <svg
          aria-hidden="true"
          data-icon="skin"
          fill="currentColor"
          focusable="false"
          height="1em"
          viewBox="64 64 896 896"
          width="1em"
        >
          <path
            d="M870 126H663.8c-17.4 0-32.9 11.9-37 29.3C614.3 208.1 567 246 512 246s-102.3-37.9-114.8-90.7a37.93 37.93 0 00-37-29.3H154a44 44 0 00-44 44v252a44 44 0 0044 44h75v388a44 44 0 0044 44h478a44 44 0 0044-44V466h75a44 44 0 0044-44V170a44 44 0 00-44-44zm-28 268H723v432H301V394H182V198h153.3c28.2 71.2 97.5 120 176.7 120s148.5-48.8 176.7-120H842v196z"
          />
        </svg>
      </span>
      <div
        style="display:inline-block;width:5px;height:16px"
      />
       
      <span
        aria-label="logout"
        class="anticon anticon-logout  gHover"
        role="img"
        style="color:var(--theme-color)"
        tabindex="-1"
      >
        <svg
          aria-hidden="true"
          data-icon="logout"
          fill="currentColor"
          focusable="false"
          height="1em"
          viewBox="64 64 896 896"
          width="1em"
        >
          <path
            d="M868 732h-70.3c-4.8 0-9.3 2.1-12.3 5.8-7 8.5-14.5 16.7-22.4 24.5a353.84 353.84 0 01-112.7 75.9A352.8 352.8 0 01512.4 866c-47.9 0-94.3-9.4-137.9-27.8a353.84 353.84 0 01-112.7-75.9 353.28 353.28 0 01-76-112.5C167.3 606.2 158 559.9 158 512s9.4-94.2 27.8-137.8c17.8-42.1 43.4-80 76-112.5s70.5-58.1 112.7-75.9c43.6-18.4 90-27.8 137.9-27.8 47.9 0 94.3 9.3 137.9 27.8 42.2 17.8 80.1 43.4 112.7 75.9 7.9 7.9 15.3 16.1 22.4 24.5 3 3.7 7.6 5.8 12.3 5.8H868c6.3 0 10.2-7 6.7-12.3C798 160.5 663.8 81.6 511.3 82 271.7 82.6 79.6 277.1 82 516.4 84.4 751.9 276.2 942 512.4 942c152.1 0 285.7-78.8 362.3-197.7 3.4-5.3-.4-12.3-6.7-12.3zm88.9-226.3L815 393.7c-5.3-4.2-13-.4-13 6.3v76H488c-4.4 0-8 3.6-8 8v56c0 4.4 3.6 8 8 8h314v76c0 6.7 7.8 10.5 13 6.3l141.9-112a8 8 0 000-12.6z"
          />
        </svg>
      </span>
      <div
        style="display:inline-block;width:5px;height:16px"
      />
       
      <span
        aria-label="setting"
        class="anticon anticon-setting  gHover"
        role="img"
        style="color:var(--theme-color)"
        tabindex="-1"
      >
        <svg
          aria-hidden="true"
          data-icon="setting"
          fill="currentColor"
          focusable="false"
          height="1em"
          viewBox="64 64 896 896"
          width="1em"
        >
          <path
            d="M924.8 625.7l-65.5-56c3.1-19 4.7-38.4 4.7-57.8s-1.6-38.8-4.7-57.8l65.5-56a32.03 32.03 0 009.3-35.2l-.9-2.6a443.74 443.74 0 00-79.7-137.9l-1.8-2.1a32.12 32.12 0 00-35.1-9.5l-81.3 28.9c-30-24.6-63.5-44-99.7-57.6l-15.7-85a32.05 32.05 0 00-25.8-25.7l-2.7-.5c-52.1-9.4-106.9-9.4-159 0l-2.7.5a32.05 32.05 0 00-25.8 25.7l-15.8 85.4a351.86 351.86 0 00-99 57.4l-81.9-29.1a32 32 0 00-35.1 9.5l-1.8 2.1a446.02 446.02 0 00-79.7 137.9l-.9 2.6c-4.5 12.5-.8 26.5 9.3 35.2l66.3 56.6c-3.1 18.8-4.6 38-4.6 57.1 0 19.2 1.5 38.4 4.6 57.1L99 625.5a32.03 32.03 0 00-9.3 35.2l.9 2.6c18.1 50.4 44.9 96.9 79.7 137.9l1.8 2.1a32.12 32.12 0 0035.1 9.5l81.9-29.1c29.8 24.5 63.1 43.9 99 57.4l15.8 85.4a32.05 32.05 0 0025.8 25.7l2.7.5a449.4 449.4 0 00159 0l2.7-.5a32.05 32.05 0 0025.8-25.7l15.7-85a350 350 0 0099.7-57.6l81.3 28.9a32 32 0 0035.1-9.5l1.8-2.1c34.8-41.1 61.6-87.5 79.7-137.9l.9-2.6c4.5-12.3.8-26.3-9.3-35zM788.3 465.9c2.5 15.1 3.8 30.6 3.8 46.1s-1.3 31-3.8 46.1l-6.6 40.1 74.7 63.9a370.03 370.03 0 01-42.6 73.6L721 702.8l-31.4 25.8c-23.9 19.6-50.5 35-79.3 45.8l-38.1 14.3-17.9 97a377.5 377.5 0 01-85 0l-17.9-97.2-37.8-14.5c-28.5-10.8-55-26.2-78.7-45.7l-31.4-25.9-93.4 33.2c-17-22.9-31.2-47.6-42.6-73.6l75.5-64.5-6.5-40c-2.4-14.9-3.7-30.3-3.7-45.5 0-15.3 1.2-30.6 3.7-45.5l6.5-40-75.5-64.5c11.3-26.1 25.6-50.7 42.6-73.6l93.4 33.2 31.4-25.9c23.7-19.5 50.2-34.9 78.7-45.7l37.9-14.3 17.9-97.2c28.1-3.2 56.8-3.2 85 0l17.9 97 38.1 14.3c28.7 10.8 55.4 26.2 79.3 45.8l31.4 25.8 92.8-32.9c17 22.9 31.2 47.6 42.6 73.6L781.8 426l6.5 39.9zM512 326c-97.2 0-176 78.8-176 176s78.8 176 176 176 176-78.8 176-176-78.8-176-176-176zm79.2 255.2A111.6 111.6 0 01512 614c-29.9 0-58-11.7-79.2-32.8A111.6 111.6 0 01400 502c0-29.9 11.7-58 32.8-79.2C454 401.6 482.1 390 512 390c29.9 0 58 11.6 79.2 32.8A111.6 111.6 0 01624 502c0 29.9-11.7 58-32.8 79.2z"
          />
        </svg>
      </span>
    </div>
  </div>
  <span
    style="display:none"
  />
  <div
    class="ccpro-drawer__icon"
    style="position:fixed;top:48%;z-index:999999"
  >
    <span>
      <span
        aria-label="right-circle"
        class="anticon anticon-right-circle"
        role="img"
      >
        <svg
          aria-hidden="true"
          data-icon="right-circle"
          fill="currentColor"
          focusable="false"
          height="1em"
          viewBox="64 64 896 896"
          width="1em"
        >
          <path
            d="M666.7 505.5l-246-178A8 8 0 00408 334v46.9c0 10.2 4.9 19.9 13.2 25.9L566.6 512 421.2 617.2c-8.3 6-13.2 15.6-13.2 25.9V690c0 6.5 7.4 10.3 12.7 6.5l246-178c4.4-3.2 4.4-9.8 0-13z"
          />
          <path
            d="M512 64C264.6 64 64 264.6 64 512s200.6 448 448 448 448-200.6 448-448S759.4 64 512 64zm0 820c-205.4 0-372-166.6-372-372s166.6-372 372-372 372 166.6 372 372-166.6 372-372 372z"
          />
        </svg>
      </span>
    </span>
  </div>
  <div
    class="siderWrap"
    style="background-color:#001529;width:48px"
  >
    <div
      class="logoWrap"
      style="background-image:url(https://raw.githubusercontent.com/fantasticsoul/assets/master/c2pro/tnt-short.png);width:48px"
    />
    <div
      class="siderMenusWrap smallScBar"
      style="width:48px"
    >
      <ul
        class="ant-menu ant-menu-root ant-menu-vertical ant-menu-dark layout-sider ant-menu-inline-collapsed"
        data-menu-list="true"
        role="menu"
        style="height:100%;border-right:0"
        tabindex="0"
      />
      <div
        aria-hidden="true"
        style="display:none"
      />
    </div>
    <button
      class="ant-btn ant-btn-primary"
      style="width:100%;border:none"
      type="button"
    >
      <span
        aria-label="double-right"
        class="anticon anticon-double-right"
        role="img"
      >
        <svg
          aria-hidden="true"
          data-icon="double-right"
          fill="currentColor"
          focusable="false"
          height="1em"
          viewBox="64 64 896 896"
          width="1em"
        >
          <path
            d="M533.2 492.3L277.9 166.1c-3-3.9-7.7-6.1-12.6-6.1H188c-6.7 0-10.4 7.7-6.3 12.9L447.1 512 181.7 851.1A7.98 7.98 0 00188 864h77.3c4.9 0 9.6-2.3 12.6-6.1l255.3-326.1c9.1-11.7 9.1-27.9 0-39.5zm304 0L581.9 166.1c-3-3.9-7.7-6.1-12.6-6.1H492c-6.7 0-10.4 7.7-6.3 12.9L751.1 512 485.7 851.1A7.98 7.98 0 00492 864h77.3c4.9 0 9.6-2.3 12.6-6.1l255.3-326.1c9.1-11.7 9.1-27.9 0-39.5z"
          />
        </svg>
      </span>
    </button>
  </div>
  <section
    class="ant-layout"
    style="margin-left:48px;min-height:calc(100vh - 45px);overflow-x:auto;padding:52px 20px 20px"
  >
    <div
      style="padding:64px"
    >
      <div
        class="ant-skeleton ant-skeleton-with-avatar"
      >
        <div
          class="ant-skeleton-header"
        >
          <span
            class="ant-skeleton-avatar ant-skeleton-avatar-lg ant-skeleton-avatar-circle"
          />
        </div>
        <div
          class="ant-skeleton-content"
        >
          <h3
            class="ant-skeleton-title"
            style="width:50%"
          />
          <ul
            class="ant-skeleton-paragraph"
          >
            <li />
            <li />
            <li />
            <li />
          </ul>
        </div>
      </div>
      <div
        class="ant-skeleton ant-skeleton-with-avatar"
      >
        <div
          class="ant-skeleton-header"
        >
          <span
            class="ant-skeleton-avatar ant-skeleton-avatar-lg ant-skeleton-avatar-circle"
          />
        </div>
        <div
          class="ant-skeleton-content"
        >
          <h3
            class="ant-skeleton-title"
            style="width:50%"
          />
          <ul
            class="ant-skeleton-paragraph"
          >
            <li />
            <li />
            <li />
            <li />
          </ul>
        </div>
      </div>
      <div
        class="ant-spin-nested-loading"
      >
        <div>
          <div
            class="ant-spin ant-spin-spinning"
          >
            <span
              class="ant-spin-dot ant-spin-dot-spin"
            >
              <i
                class="ant-spin-dot-item"
              />
              <i
                class="ant-spin-dot-item"
              />
              <i
                class="ant-spin-dot-item"
              />
              <i
                class="ant-spin-dot-item"
              />
            </span>
          </div>
        </div>
        <div
          class="ant-spin-container ant-spin-blur"
        >
          <div
            style="text-align:center"
          >
            系统初始化中...
          </div>
        </div>
      </div>
    </div>
  </section>
  <div
    class="footerWrap"
  >
    © 2021 
    <a
      href="https://github.com/tnfe/tntweb-admin"
      target="blank"
    >
      TNTWeb-admin
    </a>
    , powered by 
    <a
      href="https://github.com/concentjs/concent"
      target="blank"
    >
      Concent 
    </a>
    <a
      href="https://github.com/concentjs/concent"
      target="blank"
    >
      <span
        aria-label="github"
        class="anticon anticon-github"
        role="img"
      >
        <svg
          aria-hidden="true"
          data-icon="github"
          fill="currentColor"
          focusable="false"
          height="1em"
          viewBox="64 64 896 896"
          width="1em"
        >
          <path
            d="M511.6 76.3C264.3 76.2 64 276.4 64 523.5 64 718.9 189.3 885 363.8 946c23.5 5.9 19.9-10.8 19.9-22.2v-77.5c-135.7 15.9-141.2-73.9-150.3-88.9C215 726 171.5 718 184.5 703c30.9-15.9 62.4 4 98.9 57.9 26.4 39.1 77.9 32.5 104 26 5.7-23.5 17.9-44.5 34.7-60.8-140.6-25.2-199.2-111-199.2-213 0-49.5 16.3-95 48.3-131.7-20.4-60.5 1.9-112.3 4.9-120 58.1-5.2 118.5 41.6 123.2 45.3 33-8.9 70.7-13.6 112.9-13.6 42.4 0 80.2 4.9 113.5 13.9 11.3-8.6 67.3-48.8 121.3-43.9 2.9 7.7 24.7 58.3 5.5 118 32.4 36.8 48.9 82.7 48.9 132.3 0 102.2-59 188.1-200 212.9a127.5 127.5 0 0138.1 91v112.5c.8 9 0 17.9 15 17.9 177.1-59.7 304.6-227 304.6-424.1 0-247.2-200.4-447.3-447.5-447.3z"
          />
        </svg>
      </span>
    </a>
  </div>
</section>
`;
